// Jest Snapshot v1, https://goo.gl/fbAQLP

exports[`Form component renders the form correctly renders correctly renders correctly 1`] = `
<div
  className="cBox boxTools col-md-8 col-md-offset-2 col-sm-10 col-sm-offset-1"
>
  <h1>
    Add Employee
  </h1>
  <form
    onSubmit={[Function]}
  >
    <div
      className="form-group"
    >
      <label>
        First Name
      </label>
      <br />
      <input
        className="form-control"
        name="first_name"
        onBlur={[Function]}
        onChange={[Function]}
        onDragStart={[Function]}
        onDrop={[Function]}
        onFocus={[Function]}
        type="text"
        value=""
      />
    </div>
    <div
      className="form-group"
    >
      <label>
        Last Name
      </label>
      <br />
      <input
        className="form-control"
        name="last_name"
        onBlur={[Function]}
        onChange={[Function]}
        onDragStart={[Function]}
        onDrop={[Function]}
        onFocus={[Function]}
        type="text"
        value=""
      />
    </div>
    <div
      className="form-group"
    >
      <label>
        email
      </label>
      <br />
      <input
        className="form-control"
        name="email"
        onBlur={[Function]}
        onChange={[Function]}
        onDragStart={[Function]}
        onDrop={[Function]}
        onFocus={[Function]}
        type="email"
        value=""
      />
    </div>
    <button
      className="btn btn-primary"
      type="submit"
    >
      Add Employee
    </button>
  </form>
</div>
`;
